#-----------------------------------------------------------
# Vivado v2024.1 (64-bit)
# SW Build 5076996 on Wed May 22 18:37:14 MDT 2024
# IP Build 5075265 on Wed May 22 21:45:21 MDT 2024
# SharedData Build 5076995 on Wed May 22 18:29:18 MDT 2024
# Start of session at: Sun Jun 22 21:33:07 2025
# Process ID: 28484
# Current directory: C:/Users/EMELNIAP8/OneDrive - NTT DATA EMEAL/Documentos/GitHub/N-bit-Counter
# Command line: vivado.exe -gui_launcher_event rodinguilauncherevent22820 C:\Users\EMELNIAP8\OneDrive - NTT DATA EMEAL\Documentos\GitHub\N-bit-Counter\Counter_N_bits.xpr
# Log file: C:/Users/EMELNIAP8/OneDrive - NTT DATA EMEAL/Documentos/GitHub/N-bit-Counter/vivado.log
# Journal file: C:/Users/EMELNIAP8/OneDrive - NTT DATA EMEAL/Documentos/GitHub/N-bit-Counter\vivado.jou
# Running On        :NTTD-GZ9VL13
# Platform          :Windows Server 2016 or Windows 10
# Operating System  :19045
# Processor Detail  :Intel(R) Core(TM) i7-8665U CPU @ 1.90GHz
# CPU Frequency     :2112 MHz
# CPU Physical cores:4
# CPU Logical cores :8
# Host memory       :16985 MB
# Swap memory       :7784 MB
# Total Virtual     :24769 MB
# Available Virtual :6585 MB
#-----------------------------------------------------------
start_gui
open_project {C:/Users/EMELNIAP8/OneDrive - NTT DATA EMEAL/Documentos/GitHub/N-bit-Counter/Counter_N_bits.xpr}uupdate_compile_order -fileset sources_1
